// Jest Snapshot v1, https://goo.gl/fbAQLP

exports[`Test FormConnect FormConnect with no when... props 1`] = `<span />`;

exports[`Test FormConnect FormConnect with no when... props 2`] = `<span />`;

exports[`Test FormConnect FormConnect with no when... props 3`] = `<span />`;

exports[`Test FormConnect FormConnect with no when... props 4`] = `<span />`;

exports[`Test FormConnect FormConnect with whenForm prop 1`] = `<span />`;

exports[`Test FormConnect FormConnect with whenForm prop 2`] = `<span />`;
